1 {
  "status": "error",
  "error": "Source 9e92deaf-8d81-4507-8c5b-c74b000e9958 f Atual 2026 · Previdência/BPC · Lei 8.213/1991 — Planos de Benefícios (
2 96733 Atual 2026 · Previdência/BPC · Decreto 3.048/1999 — Regulamento da Pre
3 20109 Atual 2026 · Previdência/BPC · Decreto 3.048/1999 — Anexos II, III e I
4 124882 Atual 2026 · Previdência/BPC · IN PRES/INSS 128/2022 (consolidada)
5 1807 Atual 2026 · Previdência/BPC · Portaria Conjunta MPS/INSS 13/2026 — At
6 282 Atual 2026 · Previdência/BPC · Portaria Conjunta MPS/INSS 14/2026 — te
7 272 Atual 2026 · Previdência/BPC · Portaria Conjunta MPS/INSS 43/2026 — pr
8 628 Atual 2026 · Previdência/BPC · Portaria Conjunta MPS/INSS 15/2026 — an
9 1417 Atual 2026 · Previdência/BPC · Portaria Conjunta DPMF/INSS 19/2026 — t
10 10489 Atual 2026 · Previdência/BPC · Lei 8.742/1993 — LOAS (compilado)
11 9424 Atual 2026 · Previdência/BPC · Decreto 6.214/2007 — Regulamento do BPC
14 15731 Atual 2026 · Previdência/BPC · Lei 13.146/2015 — Estatuto da Pessoa co
15 881 Atual 2026 · Previdência/BPC · LC 142/2013 — aposentadoria da pessoa c
17 384 Atual 2026 · Previdência/BPC · Portaria Conjunta 66/2026 — instrumento
19 90016 Atual 2026 · Perícia judicial · Lei 13.105/2015 — CPC (compilado)
23 2008 Atual 2026 · Perícia judicial · Lei 10.259/2001 — Juizados Especiais F
24 1108 Atual 2026 · Perícia judicial · Lei 13.876/2019 — custeio das perícias
26 3647 Atual 2026 · Perícia judicial · Súmulas da TNU (lista oficial)
29 560 Atual 2026 · Perícia judicial · STJ Tema Repetitivo 416 — auxílio-acid
30 762 Atual 2026 · Perícia judicial · STJ Tema Repetitivo 862 — termo inicia
31 633 Atual 2026 · Perícia judicial · STJ Tema Repetitivo 1013 — trabalho no
32 1868 Atual 2026 · Perícia judicial · STF Tema 932 — responsabilidade objeti
33 699 Atual 2026 · Perícia judicial · STF RE 1.469.150 (Tema 1.300) — auxíli
35 93900 Atual 2026 · Perícia judicial · Decreto-Lei 5.452/1943 — CLT (compilad
45 612 Atual 2026 · Ética/CFM · Lei 13.787/2018 — digitalização e guarda de p
46 37637 Atual 2026 · Trabalho/nexo · Portaria GM/MS 5.674/2024 — Lista de Doen
47 27177 Atual 2026 · Trabalho/nexo · Portaria GM/MS 1.999/2023 — LDRT (corpo; 
55 1995 Atual 2026 · Trabalho/nexo · Lei 10.666/2003 — FAP/NTEP (base legal)
60 929 Atual 2026 · Baremos · Lei 6.194/1974 — DPVAT, tabela de danos corpora
69 6925 Atual 2026 · Evidência · Validade de sintomas e desempenho na Europa —
70 77367 Atual 2026 · Evidência · Cochrane — retorno ao trabalho na depressão
76 5221 Atual 2026 · Evidência · Intervenções no trabalho para distúrbios MSK 
78 9085 Atual 2026 · Evidência · Revisão de abordagens para detectar simulação
79 59751 Atual 2026 · Criminal · Decreto-Lei 3.689/1941 — CPP (compilado)
80 254 Atual 2026 · Criminal · Lei 12.030/2009 — perícias oficiais criminais
