1 {
  "status": "error",
  "error": "Could not add url source.",
  "hint": "Check  Atual 2026 · Previdência/BPC · Lei 8.213/1991 — Planos de Benefícios (compilado)
2 {
  "status": "error",
  "error": "Could not add url source.",
  "hint": "Check  Atual 2026 · Previdência/BPC · Decreto 3.048/1999 — Regulamento da Previdência (
3 {
  "status": "error",
  "error": "Could not add url source.",
  "hint": "Check  Atual 2026 · Previdência/BPC · Decreto 3.048/1999 — Anexos II, III e IV (agentes
4 {
  "status": "error",
  "error": "Could not add url source.",
  "hint": "Check  Atual 2026 · Previdência/BPC · IN PRES/INSS 128/2022 (consolidada)
5 {
  "status": "error",
  "error": "Could not add url source.",
  "hint": "Check  Atual 2026 · Previdência/BPC · Portaria Conjunta MPS/INSS 13/2026 — Atestmed/aná
6 {
  "status": "error",
  "error": "Could not add url source.",
  "hint": "Check  Atual 2026 · Previdência/BPC · Portaria Conjunta MPS/INSS 14/2026 — teto de 90 d
7 {
  "status": "error",
  "error": "Could not add url source.",
  "hint": "Check  Atual 2026 · Previdência/BPC · Portaria Conjunta MPS/INSS 43/2026 — prorroga a P
8 {
  "status": "error",
  "error": "Could not add url source.",
  "hint": "Check  Atual 2026 · Previdência/BPC · Portaria Conjunta MPS/INSS 15/2026 — análise docu
9 {
  "status": "error",
  "error": "Could not add url source.",
  "hint": "Check  Atual 2026 · Previdência/BPC · Portaria Conjunta DPMF/INSS 19/2026 — teleperícia
10 {
  "status": "error",
  "error": "Could not add url source.",
  "hint": "Check  Atual 2026 · Previdência/BPC · Lei 8.742/1993 — LOAS (compilado)
11 {
  "status": "error",
  "error": "Could not add url source.",
  "hint": "Check  Atual 2026 · Previdência/BPC · Decreto 6.214/2007 — Regulamento do BPC (compilad
12 22909 Atual 2026 · Previdência/BPC · Portaria Conjunta MDS/INSS 2/2015 — instrumentos 
13 5239 Atual 2026 · Previdência/BPC · Portaria Conjunta MDS/INSS 34/2025 — regras do BP
14 {
  "status": "error",
  "error": "Could not add url source.",
  "hint": "Check  Atual 2026 · Previdência/BPC · Lei 13.146/2015 — Estatuto da Pessoa com Deficiên
15 {
  "status": "error",
  "error": "Could not add url source.",
  "hint": "Check  Atual 2026 · Previdência/BPC · LC 142/2013 — aposentadoria da pessoa com deficiê
16 {
  "status": "error",
  "error": "Could not add url source.",
  "hint": "Check  Atual 2026 · Previdência/BPC · Portaria Interministerial 1/2014 — IF-BrA
17 {
  "status": "error",
  "error": "Could not add url source.",
  "hint": "Check  Atual 2026 · Previdência/BPC · Portaria Conjunta 66/2026 — instrumento para depe
18 11154 Atual 2026 · Previdência/BPC · Análise da aplicação do IFBr-M no BPC (GT biopsic
19 {
  "status": "error",
  "error": "Could not add url source.",
  "hint": "Check  Atual 2026 · Perícia judicial · Lei 13.105/2015 — CPC (compilado)
20 1815 Atual 2026 · Perícia judicial · Resolução CNJ 595/2024 — perícias previdenciária
21 1618 Atual 2026 · Perícia judicial · Resolução CNJ 233/2016 — cadastro de peritos (co
22 1065 Atual 2026 · Perícia judicial · Resolução CNJ 232/2016 — honorários periciais AJ
23 {
  "status": "error",
  "error": "Could not add url source.",
  "hint": "Check  Atual 2026 · Perícia judicial · Lei 10.259/2001 — Juizados Especiais Federais
24 {
  "status": "error",
  "error": "Could not add url source.",
  "hint": "Check  Atual 2026 · Perícia judicial · Lei 13.876/2019 — custeio das perícias contra o 
25 865 Atual 2026 · Perícia judicial · Resolução CJF 937/2025 (altera Res. CJF 305/2014
26 {
  "status": "error",
  "error": "Could not add url source.",
  "hint": "Check  Atual 2026 · Perícia judicial · Súmulas da TNU (lista oficial)
27 191720 Atual 2026 · Perícia judicial · Repositório TNU — versão 22/06/2026
28 211 Atual 2026 · Perícia judicial · TNU Tema Representativo 343 — DII na data do exa
29 {
  "status": "error",
  "error": "Could not add url source.",
  "hint": "Check  Atual 2026 · Perícia judicial · STJ Tema Repetitivo 416 — auxílio-acidente, lesã
30 {
  "status": "error",
  "error": "Could not add url source.",
  "hint": "Check  Atual 2026 · Perícia judicial · STJ Tema Repetitivo 862 — termo inicial do auxíl
31 {
  "status": "error",
  "error": "Could not add url source.",
  "hint": "Check  Atual 2026 · Perícia judicial · STJ Tema Repetitivo 1013 — trabalho no período d
32 {
  "status": "error",
  "error": "Could not add url source.",
  "hint": "Check  Atual 2026 · Perícia judicial · STF Tema 932 — responsabilidade objetiva do empr
33 {
  "status": "error",
  "error": "Could not add url source.",
  "hint": "Check  Atual 2026 · Perícia judicial · STF RE 1.469.150 (Tema 1.300) — auxílio sem perí
34 24808 Atual 2026 · Perícia judicial · TST — tabela de Recursos de Revista Repetitivos
35 {
  "status": "error",
  "error": "Could not add url source.",
  "hint": "Check  Atual 2026 · Perícia judicial · Decreto-Lei 5.452/1943 — CLT (compilado)
36 5613 Atual 2026 · Ética/CFM · Resolução CFM 2.430/2025 — ato médico pericial e teleme
37 6512 Atual 2026 · Ética/CFM · Código de Ética Médica — Res. CFM 2.217/2018
38 1783 Atual 2026 · Ética/CFM · Resolução CFM 2.381/2024 — documentos médicos/atestados
39 2844 Atual 2026 · Ética/CFM · Resolução CFM 2.323/2022 — médicos que atendem o trabal
40 3733 Atual 2026 · Ética/CFM · Resolução CFM 2.314/2022 — telemedicina
41 2913 Atual 2026 · Ética/CFM · Parecer CFM 10/2024 — documentos médicos para benefício
42 818 Atual 2026 · Ética/CFM · Resolução CFM 1.638/2002 — prontuário
43 2833 Atual 2026 · Ética/CFM · Resolução CFM 1.821/2007 — prontuário eletrônico
44 5616 Atual 2026 · Ética/CFM · Resolução CFM 2.380/2024 — especialidades e áreas de at
45 {
  "status": "error",
  "error": "Could not add url source.",
  "hint": "Check  Atual 2026 · Ética/CFM · Lei 13.787/2018 — digitalização e guarda de prontuários
46 {
  "status": "error",
  "error": "Could not add url source.",
  "hint": "Check  Atual 2026 · Trabalho/nexo · Portaria GM/MS 5.674/2024 — Lista de Doenças Relaci
47 {
  "status": "error",
  "error": "Could not add url source.",
  "hint": "Check  Atual 2026 · Trabalho/nexo · Portaria GM/MS 1.999/2023 — LDRT (corpo; anexo subs
48 7755 Atual 2026 · Trabalho/nexo · NR-1 — GRO e riscos psicossociais (versão 2025)
49 29156 Atual 2026 · Trabalho/nexo · Manual do Capítulo 1.5 da NR-1
50 11783 Atual 2026 · Trabalho/nexo · NR-7 — PCMSO
51 2051 Atual 2026 · Trabalho/nexo · NR-15 — insalubridade
52 7056 Atual 2026 · Trabalho/nexo · NR-16 — periculosidade
53 2053 Atual 2026 · Trabalho/nexo · NR-17 — ergonomia
54 1016 Atual 2026 · Trabalho/nexo · Portaria Interministerial MPS/MF 10/2025 — FAP
55 {
  "status": "error",
  "error": "Could not add url source.",
  "hint": "Check  Atual 2026 · Trabalho/nexo · Lei 10.666/2003 — FAP/NTEP (base legal)
56 79374 Atual 2026 · Trabalho/nexo · Guia de Vigilância em Saúde vol. 3 — Saúde do Traba
57 14043 Atual 2026 · Trabalho/nexo · Protocolo MS nº 10 — Dor relacionada ao trabalho: L
58 318441 Atual 2026 · Trabalho/nexo · OIT — Diagnostic and exposure criteria for occupati
59 27420 Atual 2026 · Trabalho/nexo · OIT — List of Occupational Diseases (2010)
60 {
  "status": "error",
  "error": "Could not add url source.",
  "hint": "Check  Atual 2026 · Baremos · Lei 6.194/1974 — DPVAT, tabela de danos corporais [REVOGA
61 61829 Atual 2026 · Baremos · Decreto-Lei 352/2007 (Portugal) — Tabelas Nacionais de In
62 76157 Atual 2026 · Baremos · OMS — CIF: Classificação Internacional de Funcionalidade 
63 37934 Atual 2026 · Baremos · OMS — Manual WHODAS 2.0
64 2266 Atual 2026 · Classificações · Nota Técnica MS 91/2024 — implementação da CID-11 
65 3814 Atual 2026 · Classificações · ICD-11 Reference Guide (OMS)
66 718 Atual 2026 · Classificações · OMS — Burn-out, fenômeno ocupacional na CID-11
67 25623 Atual 2026 · Evidência · Multidimensional Malingering Criteria — atualização de 
68 69 Atual 2026 · Evidência · AACN 2021 — consenso sobre avaliação de validade
69 68 Atual 2026 · Evidência · Validade de sintomas e desempenho na Europa — atualizaç
70 68 Atual 2026 · Evidência · Cochrane — retorno ao trabalho na depressão
71 11665 Atual 2026 · Evidência · Intervenções no local de trabalho e retorno (MSK, dor, 
72 38392 Atual 2026 · Evidência · OMS — diretrizes de saúde mental no trabalho (2022)
73 55 Atual 2026 · Evidência · IASP — dor crônica na CID-11
74 32 Atual 2026 · Evidência · EULAR — recomendações revisadas para fibromialgia
75 6506 Atual 2026 · Evidência · ACOEM — Work-Relatedness (2018)
76 68 Atual 2026 · Evidência · Intervenções no trabalho para distúrbios MSK crônicos (
77 4030 Atual 2026 · Evidência · Exagero de sintomas e testes de validade em sintomas se
78 68 Atual 2026 · Evidência · Revisão de abordagens para detectar simulação em contex
79 {
  "status": "error",
  "error": "Could not add url source.",
  "hint": "Check  Atual 2026 · Criminal · Decreto-Lei 3.689/1941 — CPP (compilado)
80 {
  "status": "error",
  "error": "Could not add url source.",
  "hint": "Check  Atual 2026 · Criminal · Lei 12.030/2009 — perícias oficiais criminais
81 136827 Atual 2026 · Criminal · Protocolo de Istambul (Rev. 2, 2022)
82 39166 Atual 2026 · Criminal · Protocolo de Minnesota (2016)
83 3790 Atual 2026 · Criminal · Resolução CNJ 414/2021 — quesitos periciais em casos de 
