1 7272 Gloss · F1 · A busca pelos aspectos universais da moda-de-viola
2 2853 Gloss · F2 · Del folklore musical uruguayo: La milonga
3 6491 Gloss · F3 · Fado de Coimbra / Canção de Coimbra
4 28868 Gloss · F4 · Gestión cultural especializada en flamenco. Materiales didácticos
5 1141 Gloss · F4 · Aproximación a una didáctica del Flamenco. Tercera parte. Breve int
6 1083 Gloss · F4 · Unidad de trabajo 11: Soleá
7 903 Gloss · F4 · Unidad de trabajo 13: Bulerías. Bulerías por Soleá
8 2665 Gloss · F4 · Seguiriyas
9 1270 Gloss · F4 · Cantes de compás mixto
10 505 Gloss · F4 · Apéndice. Grabaciones
11 7306 Gloss · F5 · Canção do Amor Demais: marco da música popular brasileira contempor
12 39191 Gloss · F5 · A música tímida de João Gilberto
13 940 Gloss · F10 · BALALAIKA! The Andreyev Balalaika Ensemble — liner notes
14 {
  "status": "error",
  "error": "Could not add url source.",
  "hint": "Check the URL is accessibl Gloss · T · 3s and 2s: Hemiola and Other Across-the-Beat Rhythms
15 3223 Gloss · T · Minor Scales, Scale Degrees, and Key Signatures
16 2945 Gloss · T · Triads
17 7746 Gloss · T · Advanced Rhythm and Meter
18 98944 Gloss · F1 · Viola caipira: das práticas populares à escritura da arte
19 96342 Gloss · F1 · Cantando a própria história
20 76985 Gloss · F1 · O pagode de viola de Tião Carreiro: configurações estilísticas, imp
21 3458 Gloss · F1 · O gênero musical guarânia no Brasil: décadas de 1940/50
22 4893 Gloss · F1 · Música sertaneja e globalização
23 9052 Gloss · F1 · Um paradoxo entre o existir e o resistir: a moda de viola através d
24 22186 Gloss · F1 · Dossiê de Registro do Fandango Caiçara: expressões de um sistema cu
25 82903 Gloss · F1 · A viola caipira e a experiência musical em uma escola pública do ca
26 11207 Gloss · F1 · Improvisação à viola caipira: um estudo de caso aplicando modelos s
27 1212 Gloss · F2 · Chamamé (inscrição 01600, Lista Representativa)
28 6407 Gloss · F2 · El acordeón del Litoral argentino. Un análisis de los distintos mod
29 2377 Gloss · F2 · El chamamé desde la guitarra
30 4422 Gloss · F2 · La enseñanza de recursos interpretativos del chamamé en la guitarra
31 5214 Gloss · F2 · A assimilação dos gêneros polca paraguaia, guarânia e chamamé no Br
32 {
  "status": "error",
  "error": "Source ecfc402d-d35b-4b65-bace-605d779c4ddd failed to process in  Gloss · F2 · Música no Rio Grande do Sul: conhecendo as origens e alguns gêneros
33 102087 Gloss · F2 · La problemática del nacionalismo musical argentino (in Revista del 
34 40497 Gloss · F2 · A milonga no redemoinho da canção popular: Bebeto Alves e Vitor Ram
35 8115 Gloss · F3 · O fado: características melódicas, rítmicas e de performance
36 47751 Gloss · F3 · A guitarra portuguesa e a canção de Coimbra: subsídios para o seu e
37 47692 Gloss · F3 · The Portuguese Guitar: History and Transformation of an Instrument 
38 11353 Gloss · F3 · 'O fado que nós cantamos, é a sina que nós seguimos': jovens fadist
39 2002 Gloss · F4 · El flamenco: arte musical y de la danza — Cap. 4: El compás y la so
40 279 Gloss · F4 · El flamenco: arte musical y de la danza — Cap. 4B: La sonoridad fla
41 4365 Gloss · F4 · La transcripción musical del zapateado flamenco: una propuesta didá
42 186687 Gloss · F4 · Aproximación musicológica a las palmas flamencas a través de la fon
43 4901 Gloss · F4 · Acerca de la cadencia frigia, la cadencia andaluza y la tonalidad m
44 4368 Gloss · F4 · Sobre la poesía flamenca y su métrica
45 3744 Gloss · F5 · Padrões de acompanhamento na bossa nova ao violão de João Gilberto,
46 4330 Gloss · F5 · Padrões de acompanhamento ao violão de João Gilberto, em duas faixa
47 903 Gloss · F5 · Canto falado no samba e na bossa nova: um estudo de aspectos da rel
48 11431 Gloss · F5 · Canto falado e música popular: apontamentos sobre práticas vocais, 
49 50166 Gloss · F5 · Aspetos da harmonia idiomática de Antonio Carlos Jobim: uma abordag
50 3147 Gloss · F5 · O uso de acordes de empréstimo modal (AEM) na música de Tom Jobim
51 7670 Gloss · F5 · A bossa-nova e sua influência na evolução da linguagem sonora da mú
52 62162 Gloss · F6 · Choro: instrução técnica do processo de registro do choro como Patr
53 5395 Gloss · F6 · Dino 7 Cordas: o desenvolvimento de uma identidade sonora
54 46915 Gloss · F6 · Inovação e tradição nas baixarias do choro de Rogério Caetano
55 {
  "status": "error",
  "error": "Could not add url source.",
  "hint": "Check the URL is accessibl Gloss · F6 · Paradigma (ou paradoxo) do Estácio?: questões sobre etnocentrismo e
56 2564 Gloss · F6 · A modinha e o lundu no Brasil: as primeiras manifestações da música
57 {
  "status": "error",
  "error": "Could not add url source.",
  "hint": "Check the URL is accessibl Gloss · F6 · Os pilares da música popular brasileira e cabo-verdiana: modinha, l
58 990 Gloss · F6 · Muito além da serenata: a seresta como pervivência da lírica trovad
59 114794 Gloss · F7 · El estilo de ejecución en el tango: un estudio acerca de la tempora
60 4803 Gloss · F7 · Al son de la clave: el 3+3+2 en el tango. Las décadas del 20, 30 y 
61 719 Gloss · F7 · Tracing Tangueros: Argentine Instrumental Tango Music (resumo de se
62 5992 Gloss · F7 · The Cuban Bolero in Spanish Jazz
63 5249 Gloss · F7 · Estrategia y táctica para revitalizar el bolero
64 25782 Gloss · F7 · Viviendo el amor y sufriendo el desamor. El bolero en México (radio
65 6329 Gloss · F8 · En bordure de voix, corps et imaginaire dans la chanson réaliste
66 2204 Gloss · F8 · Catherine Dutheil-Pessin, La Chanson réaliste. Sociologie d'un genr
67 9534 Gloss · F8 · Musette et stéréotypes sociaux: les différentes appréciations d'un 
68 2070 Gloss · F8 · Histoire des bals musette (fresque Danses sans visa)
69 8118 Gloss · F8 · Genèse et mutations du bal musette parisien
70 158336 Gloss · F9 · Instrução técnica da solicitação de registro das Matrizes Tradicion
71 7229 Gloss · F9 · Como se toca o baião: combinações de elementos musicais no repertór
72 22669 Gloss · F9 · Processo criativo musical: o modalismo como ferramenta de ensino-ap
73 15942 Gloss · F9 · Estrutura da música modal: a importância do ensino do modalismo nos
74 14494 Gloss · F9 · Obras para contrabaixo com gêneros da música popular brasileira: pe
75 10409 Gloss · F10 · Знаменный распев (Znamenny raspev)
76 5062 Gloss · F10 · The Influence of Znamenny Liturgical Chant on the Nineteenth-Centu
77 1892 Gloss · F10 · Частушки и «короткие песни»: к вопросу о внутрижанровой классифика
78 3814 Gloss · F10 · Забытые мотивы материнского фольклора
79 3822 Gloss · F10 · Эпические напевы из сборника Кирши Данилова и традиции Северного б
80 7947 Gloss · F10 · Communism and Folklore Revisited: Russian Traditional Music and th
81 {
  "status": "error",
  "error": "Could not add url source.",
  "hint": "Check the URL is accessibl Gloss · F10 · Stravinsky's 'Les Noces' and Russian Village Wedding Ritual
82 992 Gloss · F10 · Russian Choral Music (Folkways FP 8754) — notas do álbum
83 3266 Gloss · T · Simple Meter and Time Signatures
84 2117 Gloss · T · Compound Meter and Time Signatures
85 1228 Gloss · T · Other Rhythmic Essentials
86 2344 Gloss · T · Metrical Dissonance
87 1211 Gloss · T · Rhythm and Meter in Pop Music
88 1930 Gloss · T · Introduction to Diatonic Modes and the Chromatic 'Scale'
89 2465 Gloss · T · Diatonic Modes
90 4025 Gloss · T · Intervals
91 2960 Gloss · T · Seventh Chords
92 1259 Gloss · T · Embellishing Tones
93 1386 Gloss · T · 2.4: Meter
94 1299 Gloss · T · 2.7: Syncopation
95 1372 Gloss · T · 2.8: Tempo
96 1601 Gloss · T · 2.6: Dots, Ties, and Borrowed Divisions
97 2334 Gloss · T · 5.3: Harmonic Series I — Timbre and Octaves
98 3663 Gloss · T · 8.3: Modes and Ragas
99 11193 Gloss · T · Teoria Elementar da Música (apostila)
100 12241 Gloss · T · Gramática e Teoria Musical (apostila)
101 1530 Gloss · T · Meter (Music Theory for the 21st-Century Classroom)
14 {
  "status": "error",
  "error": "Could not add url source.",
  "hint": "Check the URL is accessibl Gloss · T · 3s and 2s: Hemiola and Other Across-the-Beat Rhythms
32 8219 Gloss · F2 · Música no Rio Grande do Sul: conhecendo as origens e alguns gêneros
55 13124 Gloss · F6 · Paradigma (ou paradoxo) do Estácio?: questões sobre etnocentrismo e
57 7852 Gloss · F6 · Os pilares da música popular brasileira e cabo-verdiana: modinha, l
81 16978 Gloss · F10 · Stravinsky's 'Les Noces' and Russian Village Wedding Ritual
102 3155 Gloss · F2 · A milonga gaúcha na gênese do Quinteto para violão e quarteto de co
103 102705 Gloss · F4 · Armonía modal, modo de MI y flamenco: aproximación al "Modo de MI A
104 19882 Gloss · F4 · Flamenco Jazz: An Analytical Study
105 275 Gloss · F6 · Subgêneros do samba (samba de breque, samba-canção, samba-enredo, s
14 544 Gloss · T · 3s and 2s: Hemiola and Other Across-the-Beat Rhythms
106 9174 Gloss · F7 · Romancing the Past: The Bolero and the Trío Romántico (notas do álb
107 {
  "status": "error",
  "error": "Could not add url source.",
  "hint": "Check the URL is accessibl Gloss · F7 · Creación e interpretación del bolero. Una aproximación desde la his
108 1262 Gloss · F7 · How did the bolero move from Cuba to Mexico?
109 149 Gloss · F7 · Aportes de la guitarra clásica a la interpretación del bolero (no P
110 {
  "status": "error",
  "error": "Could not add url source.",
  "hint": "Check the URL is accessibl Gloss · F7 · El bolero y sus protagonistas: el caso de María José García Castill
111 8992 Gloss · F7 · Hibridación entre lo clásico y lo popular
112 9714 Gloss · F7 · Apuntes sobre el bolero: desde la esclavitud africana hasta la glob
113 118801 Gloss · F1 · Miguilim foi pra cidade ser cantor: uma antropologia da música sert
114 97559 Gloss · F1 · Moda-de-viola: lirismo, circunstância e musicalidade no canto recit
115 116322 Gloss · F1 · Mestres de ontem e de hoje: uma sociologia da viola caipira
116 52098 Gloss · F1 · Catira: performance e tradição na dança caipira
117 28097 Gloss · F1 · Ritmos Regionais Brasileiros para Bateria: interpretação de música 
118 73175 Gloss · F1 · Catira: música, dança e poesia do mundo rural (Uberaba século XX)
119 44810 Gloss · F1 · Nas melodias da toada: riso e performance no cururu paulista
120 84760 Gloss · F1 · Ivan Vilela e Paulo Freire: sofisticação e permanência da sonoridad
121 89273 Gloss · F1 · Ara pô: a religiosidade de Terreiro na discografia do violeiro Tião
122 5901 Gloss · F6 · Valsa e foxtrote: a música romântica na época de ouro (1929-1945)
123 34447 Gloss · F6 · A seresta e a serenata nas cidades de Conservatória e Niterói, no E
124 46825 Gloss · F6 · O violão de 6 cordas e as habilidades de acompanhamento no choro
125 7038 Gloss · F8 · Textes des parcours permanents — Parcours Accordéon (§4.6 'La naiss
126 {
  "status": "error",
  "error": "Failed to add url source."
}
 Gloss · F6 · Violão brasileiro: o acompanhador de gêneros urbanos (produto pedag
127 {
  "status": "error",
  "error": "Failed to add url source."
}
 Gloss · F2 · Herança açoriana nas danças tradicionais do Rio Grande do Sul
128 9248 Gloss · F2 · A linha de baixo nos ritmos do sul do Brasil: proposições práticas,
129 {
  "status": "error",
  "error": "Could not add url source.",
  "hint": "Check the URL is accessibl Gloss · F2 · O lugar da música tradicional paraguaia no cenário cultural de Camp
130 8563 Gloss · F2 · Chamarrita: uma chama da cultura açoriana na América Gaúcha
131 8977 Gloss · F2 · Duas velhas danças gaúchas (separata do Anuário do Museu Imperial 1
132 6588 Gloss · F6 · Malandro é malandro, mané é mané: a exaltação da malandragem na mús
133 12677 Gloss · F6 · O que será do malandro? (texto do painel 'Do samba ao rap: a maland
134 5610 Gloss · F6 · Moreira da Silva (verbete; seção 'Crítica')
135 7040 Gloss · F6 · Entre malocas e favelas: imaginação social, cidadania e cidade nas 
136 67499 Gloss · F2 · Aspectos simbólicos do uso do acordeão na música fandangueira do Ri
137 29727 Gloss · F2 · A música nativista do sul do Brasil: panorama histórico e gêneros d
138 7852 Gloss · F8 · Valse musette, années 40-50, vol. 2 — texto do encarte
107 65147 Gloss · F7 · Creación e interpretación del bolero. Una aproximación desde la his
109 5354 Gloss · F7 · Aportes de la guitarra clásica a la interpretación del bolero (no P
110 15338 Gloss · F7 · El bolero y sus protagonistas: el caso de María José García Castill
126 19496 Gloss · F6 · Violão brasileiro: o acompanhador de gêneros urbanos (produto pedag
127 46393 Gloss · F2 · Herança açoriana nas danças tradicionais do Rio Grande do Sul
129 78367 Gloss · F2 · O lugar da música tradicional paraguaia no cenário cultural de Camp
