Warning: Previous research completed with sources not yet imported.
  Task ID: 57856fef-52d9-4825-b670-6ea6555995a7
  Sources available: 38

Starting new research will discard existing results.
Run 'nlm research import' first to save them, or proceed to overwrite.
Continue and start new research? [y/N]: ✓ Research started
  Query: Authoritative open sources (ethnomusicology theses and articles from 
Brazilian, Argentine and Uruguayan universities, IPHAN and UNESCO heritage 
files, national musicology institutes, open music theory textbooks) that 
describe precisely, with rhythmic patterns, meter, tempo, modes, harmony, 
instruments and singing style, how to recognize by ear and tell apart: Brazilian
música caipira rhythms (moda de viola, toada, cururu, cateretê, pagode de viola,
guarânia, rasqueado, recortado, cana-verde, calango, fandango caiçara; viola 
caipira tunings and strumming); chamamé (Corrientes, 6/8 sesquiáltera), milonga 
campera and ciudadana, vanera/vaneirão and chimarrita of Rio Grande do Sul, 
Paraguayan polca and guarania; bossa nova guitar batida and extended-chord 
harmony; choro, modinha, seresta, samba de breque; forró, baião, xote and the 
Northeastern Brazilian modes (Mixolydian, Lydian-dominant, Dorian). Also open 
didactic definitions of meter, compound vs simple time, 6/8, hemiola, 
syncopation, tresillo 3+3+2, church modes, seventh chords and cadence. Exclude 
blogs, SEO content and sellers.
  Source: web
  Mode: deep
  Notebook ID: 4ac56794-d00a-436a-a446-24f1161cd9bd
  Task ID: ChA2NTczYjVkMjdlN2U4ODM1EAgaATAqA3VzZQ

Estimated time: ~5 minutes
Run 'nlm research status 4ac56794-d00a-436a-a446-24f1161cd9bd' to check 
progress.
