✓ Research started
  Query: Fontes oficiais e atuais (em vigor em 2026) para perito médico no 
Brasil, que complementem livros-texto: texto compilado da Lei 8.213/1991 e do 
Decreto 3.048/1999; manuais e diretrizes oficiais da Perícia Médica Federal/INSS
para avaliação de incapacidade; Atestmed e perícia documental; BPC/LOAS e 
avaliação biopsicossocial da deficiência (IFBr-M); CPC arts. 156-158 e 464-480; 
resoluções do CNJ sobre peritos e honorários; súmulas e temas da TNU, STJ e STF 
sobre perícia médica; Código de Ética Médica vigente e resoluções do CFM sobre 
perícia, assistente técnico, atestado, prontuário e telemedicina; Lista de 
Doenças Relacionadas ao Trabalho vigente, NTEP/FAP, NR-7, NR-15, NR-17; 
protocolos oficiais de LER/DORT e de transtornos mentais relacionados ao 
trabalho e burnout (CID-11 QD85); AMA Guides (edição atual), tabela SPVAT/DPVAT,
Tabela Nacional de Incapacidades de Portugal, CIF e WHODAS 2.0; CID-11 no 
Brasil; consensos sobre simulação e validade de sintomas, nexo causal 
ocupacional, dor crônica e fibromialgia na avaliação de incapacidade; Protocolo 
de Istambul e Protocolo de Minnesota. Priorizar planalto.gov.br, in.gov.br, 
gov.br, cfm.org.br, cnj.jus.br, stf, stj, cjf (TNU), tst, OMS, OIT e artigos 
revisados por pares. Excluir blogs e escritórios de advocacia.
  Source: web
  Mode: deep
  Notebook ID: 1af19855-4523-4ba9-8837-343f474a2a83
  Task ID: ChA0ODdjZGE2NTg5ZThmNGI0EAgaATAqA3Vzdw

Estimated time: ~5 minutes
Run 'nlm research status 1af19855-4523-4ba9-8837-343f474a2a83' to check 
progress.
