✓ Research started
  Query: Open, authored, didactic sources for a layperson learning critical 
listening of songs: active/analytical listening pedagogy and open university 
courses with transcripts (Yale Listening to Music, MIT OpenCourseWare); musical 
expectation (Huron, Meyer); critical listening for audio production (mixing, 
masking, reverb, vocal clarity, pitch correction); research on audible artifacts
of AI-generated music and singing voice (ISMIR, arXiv); melody (contour, climax,
hooks, repetition, singability); harmony without jargon (tension/resolution, 
cadences, genre conventions; Open Music Theory, Tagg Everyday Tonality); lyrics 
and text-setting: prosody and stress alignment in Portuguese, French, Italian, 
Polish and Russian song, rhyme and meter, song translation and singability 
(Peter Low pentathlon, Franzon, Tatit O Cancionista); form in popular song 
(verse/chorus, climax, song length; Music Theory Online); social functions of 
music (Merriam, DeNora) and evidence on music in the operating room, restaurants
and wine, studying/reading, meditation, liturgical music (Sacrosanctum 
Concilium, Musicam Sacram), driving, groove and dance. Prefer university 
courseware, open textbooks, peer-reviewed journals and systematic reviews. 
Exclude blogs, SEO content, course sellers.
  Source: web
  Mode: deep
  Notebook ID: 4ac56794-d00a-436a-a446-24f1161cd9bd
  Task ID: ChA4NzViZGI1N2IzMjYyYjdiEAgaATAqA3VzZQ

Estimated time: ~5 minutes
Run 'nlm research status 4ac56794-d00a-436a-a446-24f1161cd9bd' to check 
progress.
