1 67 Ep01 · Statistical learning and probabilistic prediction in music cognition: mec
2 67 Ep01 · Repeated Listening Increases the Liking for Music Regardless of Its Compl
3 68 Ep01 · Beauty Is How You Feel Inside: Aesthetic Judgments Are Related to Emotion
4 831 Ep02 · Signal Processing in Mixing
5 9207 Ep02 · The AI Music Arms Race: On the Detection of AI-Generated Music
6 11471 Ep03 · Predicting Variation of Folk Songs: A Corpus Analysis Study on the Memora
7 10419 Ep03 · Intervals as musical fingerprints: perceptual and pedagogical insights — 
8 {
  "status": "error",
  "error": "Could not add url source.",
  "hint": "Check  Ep04 · Introduction to Harmony, Cadences, and Phrase Endings
9 {
  "status": "error",
  "error": "Could not add url source.",
  "hint": "Check  Ep04 · Four-Chord Schemas
10 {
  "status": "error",
  "error": "Could not add url source.",
  "hint": "Check  Ep04 · Pentatonic Harmony
11 97251 Ep04 · Everyday Tonality
12 69 Ep05 · Prosodic Structure as a Parallel to Musical Structure
13 6518 Ep05 · Comparing Musical Textsetting in French and in English Songs
14 1991 Ep05 · Intonation of French Songs: From Text to Tune
15 68 Ep05 · Stress Deafness in a Language with Fixed Word Stress: An ERP Study on Pol
16 2354 Ep05 · Versificazione
17 736 Ep05 · Pelas redes da tradução: um estudo do conceito de transcriação, de Harold
18 465 Ep06 · Quantitative Analysis of Songs with Over a Billion Streams
19 {
  "status": "error",
  "error": "Could not add url source.",
  "hint": "Check  Ep07 · Wine and Music (I): On the Crossmodal Matching of Wine and Music
20 10697 Ep07 · Should We Turn off the Music? Music with Lyrics Interferes with Cognitive
21 3901 Ep08 · Turkey: The Turkish Ney
22 455 Ep09 · Epic Tunes from the Collection by Kirsha Danilov and Traditions of Northe
23 582 Ep09 · The Genre-Related and Stylistic Explication of the Song Tradition of the 
24 3164 Ep09 · Songs of a Russian Gypsy
25 1120 Ep09 · Asymilacja ludowych pierwowzorów w polskiej pieśni artystycznej — zarys p
26 1261 Ep09 · Oberek (niestylizowany)
27 2646 Ep08 · Saetas
28 {
  "status": "error",
  "error": "Could not add url source.",
  "hint": "Check  Ep10 · UNESCO Collection Week 16: Lesser-known Music from North India and Pakist
29 {
  "status": "error",
  "error": "Could not add url source.",
  "hint": "Check  Ep10 · Composition and Improvisation in Cross-Cultural Perspective — Gamelan
30 915 Ep10 · The Reception of Western Music in the Enka of the Meiji and Taisho Period
31 4853 Ep10 · Music of the Shakuhachi
32 952 Ep10 · The Japanese Koto
33 865 Ep10 · Crossing Paths: Musical and Ritual Interactivity between the Ḥamadsha and
34 13083 Ep08 · Lost Voices of Hagia Sophia: Medieval Byzantine Chant Sung in the Virtual
35 149265 Ep09 · Georgian Traditional Polyphony: Modern Trends and Perspectives of Develop
36 1061 Ep08 · O papel da morna na afirmação da identidade nacional em Cabo Verde
37 125495 Ep05 · A canção e a oralização: sílaba, palavra e frase
38 798 Ep01 · A palavra em movimento: algumas perspectivas teóricas para a análise de c
39 9598 Ep05 · Estudo semiótico de percursos passionais no samba-canção
40 7447 Ep01 · MUSI 112 – Listening to Music, Lecture 1: Introduction (curso inteiro com
41 6892 Ep04 · MUSI 112 – Lecture 8: Bass Patterns: Blues and Rock
42 68 Ep01 · Toward a Neural Chronometry for the Aesthetic Experience of Music
43 9373 Ep01 · Predictive Processes and the Peculiar Case of Music
44 15501 Ep01 · From perceptual rule transformation to listener attribution judgments: a 
45 3520 Ep03 · Review of Elizabeth Margulis, On Repeat: How Music Plays the Mind
46 723 Ep02 · SONICS: Synthetic Or Not – Identifying Counterfeit Songs
47 618 Ep02 · A Fourier Explanation of AI-music Artifacts
48 660 Ep02 · SingFake: Singing Voice Deepfake Detection
49 634 Ep02 · SongEval: A Benchmark Dataset for Song Aesthetics Evaluation
50 70 Ep02 · Making myself understood: perceived factors affecting the intelligibility
51 16356 Ep02 · The Loudness War: Background, Speculation and Recommendations (AES 129th 
52 6987 Ep02 · Perceptual Evaluation and Analysis of Reverberation in Multitrack Music P
53 11174 Ep03 · A typology of 'hooks' in popular records
54 17 Ep03 · Dissecting an Earworm: Melodic Features and Song Popularity Predict Invol
55 1439 Ep03 · 7.3: Melody and Phrasing (Open Music Theory 2e)
56 {
  "status": "error",
  "error": "Could not add url source.",
  "hint": "Check  Ep03 · 7.1 Melodic Material: Range, Interval Structure, Gesture (Comprehensive M
57 8302 Ep03 · The melodic-harmonic 'divorce' in rock
58 1243 Ep04 · 7.7: Introduction to Harmonic Schemas in Pop Music (Open Music Theory 2e)
59 3110 Ep04 · 7.12: Modal Schemas (Open Music Theory 2e)
60 2118 Ep04 · 7.6: Cadence (Understanding Basic Music Theory)
61 7607 Ep04 · Everyday Tonality II – cap. 4: Non-heptatonic modes (capítulo-amostra gra
62 68 Ep04 · A Statistical Analysis of the Relationship between Harmonic Surprise and 
63 9700 Ep04 · Uncertainty and Surprise Jointly Predict Musical Pleasure and Amygdala, H
64 2021 Ep05 · Prosody in Music and Songwriting
65 19736 Ep05 · Prosodic Dissonance (MTO 30.2)
66 7584 Ep05 · Melodia, texto e O cancionista, de Luiz Tatit: novos rumos para os estudo
67 17384 Ep05 · "Sous le rythme de la chanson": Rhythm, Text, and Diegetic Performance in
68 6490 Ep05 · Guida alla identificazione metrica dei versi italiani
69 7446 Ep05 · Vowel reduction in Russian classical singing: the case of unstressed /a/ 
70 5038 Ep05 · Rhythmic Variability in European Vocal Music
71 6951 Ep05 · Transcriação e crítica literária – Haroldo de Campos e o papel epistêmico
72 1069 Ep05 · Resenha de Low, P. (2017) Translating Song: Lyrics and Texts
73 2526 Ep05 · Resenha de Franzon, Greenall, Kvam & Parianou (eds.), Song Translation: L
74 2613 Ep05 · The Music of Poetry: Chopin's Polish Songs
75 1902 Ep06 · 7.4: Introduction to Form in Popular Music (Open Music Theory 2e)
76 1881 Ep06 · 7.6: Verse-Chorus Form (Open Music Theory 2e)
77 16181 Ep06 · Teleology in Verse–Prechorus–Chorus Form, 1965–2020 (MTO 28.3)
78 15539 Ep06 · Structural and Rhetorical Closure in 1970s Rock Songs (MTO 32.1)
79 35793 Ep06 · On popular music and media: Analyzing changes in compositional practices 
80 11780 Ep07 · The psychological functions of music listening
81 69 Ep07 · Practical Approaches to Balancing Music and Safety in the Operating Room:
82 67 Ep07 · Wine psychology: basic & applied
83 6346 Ep07 · How Does Background Music Affect Dining Duration, Tips and Bill Amounts i
84 70 Ep07 · Auditory Distraction During Reading: A Bayesian Meta-Analysis of a Contin
85 18989 Ep07 · Effects of music interventions on stress-related outcomes: a systematic r
86 68 Ep07 · Music listening and stress recovery in healthy individuals: A systematic 
87 12944 Ep07 · Constitution on the Sacred Liturgy Sacrosanctum Concilium (cap. VI, "Sacr
88 6339 Ep07 · Instruction on Music in the Liturgy Musicam Sacram
89 68 Ep07 · Effect of music on driving performance and physiological and psychologica
90 711 Ep07 · Sensorimotor coupling in music and the psychology of the groove (manuscri
91 9836 Ep07 · Syncopation, Body-Movement and Pleasure in Groove Music
92 {
  "status": "error",
  "error": "Could not add url source.",
  "hint": "Check  Ep08 · Beyond the Classroom: World Music from the Musician's Point of View
93 401 Ep08 · Arabic Maqam
94 1320 Ep08 · Mevlevi Sema ceremony
95 7104 Ep09 · Znamenny Chant for the 21st Century
96 2465 Ep09 · Russia (World Centres of Polyphony)
97 2878 Ep09 · Oberek (Obertas)
98 3929 Ep09 · Traditional Polish lullabies
99 1182 Ep08 · Fado, urban popular song of Portugal
100 2616 Ep08 · Artur Paredes
101 1208 Ep08 · Flamenco
102 11669 Ep08 · La terminología musical del flamenco: el sistema modal y los modos en la 
103 4619 Ep08 · La saeta en la Semana Santa cartagenera
104 1180 Ep08 · Tango
105 13325 Ep08 · Review-essay of Link & Wendland, Tracing Tangueros (MTO 25.3)
106 20593 Ep08 · Modes in Klezmer Music: A Corpus Study Based on Beregovski's Jewish Instr
107 1160 Ep08 · Rebetiko
108 1118 Ep08 · Modality vs. Chordal Harmony: Hybrid Aspects of Rebetiko During the Inter
109 11243 Ep10 · Qawwali Routes: Notes on a Sufi Music's Transformation in Diaspora
110 {
  "status": "error",
  "error": "Could not add url source.",
  "hint": "Check  Ep10 · Rāgs Around the Clock: A Handbook for North Indian Classical Music, with 
111 1210 Ep10 · Gamelan
112 7749 Ep10 · Temporal and Density Flow in Javanese Gamelan
113 1139 Ep10 · Shakuhachi: The History and Practice of Suizen
114 {
  "status": "error",
  "error": "Could not add url source.",
  "hint": "Check  Ep10 · Kora: in search of the origins of West Africa's famed stringed musical in
115 7922 Ep10 · John Collins: Ghana, Then and Now (entrevista)
116 6581 Ep10 · Michael Veal on Tony Allen (entrevista)
117 1159 Ep10 · Gnawa
118 1243 Ep08 · Byzantine chant
119 1148 Ep09 · Georgian polyphonic singing
120 1209 Ep09 · Bistritsa Babi, archaic polyphony, dances and rituals from the Shoplouk r
121 2524 Ep08 · Andalusian Nuba
122 1256 Ep08 · Morna, musical practice of Cabo Verde
123 {
  "status": "error",
  "error": "Could not add url source.",
  "hint": "Check  Ep08 · Ensaio sobre a Música Brasileira (texto da 3ª ed., com comentário de Cláu
124 9512 Ep05 · Luiz Tatit: A forma exata da canção (entrevista)
125 {
  "status": "error",
  "error": "Could not add url source.",
  "hint": "Check  Ep05 · Ordem e desordem em "Fora da Ordem"
126 8345 Ep05 · Fundamentos da semiótica da canção aplicados à musicalização de adultos
127 3275 Ep05 · Canto falado: relações entre música e prosódia
128 54734 Ep04 · Procedimentos Modais na Música Brasileira: do campo étnico do Nordeste ao
129 2676 Ep01 · Resenha de "O som e o sentido. Uma outra história das músicas" (José Migu
130 16834 Ep02 · From Audio Deepfake Detection to AI-Generated Music Detection – A Pathway
131 35263 Ep06 · AABA, Refrain, Chorus, Bridge, Prechorus - Song Forms and their Historica
132 12984 Ep06 · MTO 28.2: Stroud, Codetta and Anthem Postchorus Types - Music Theory Onli
133 7104 Ep05 · Song Lyrics Adaptations: Computational Interpretation of the Pentathlon P
134 1917 Ep05 · Make it sing? - | CIOL (Chartered Institute of Linguists)
135 59415 Ep08 · The Oud Across Arabic Culture (Bilād al-Shām, Iraq, and Egypt) Seifed-Din
ay
131 35263 Ep06 · AABA, Refrain, Chorus, Bridge, Prechorus - Song Forms and their Historica
132 12984 Ep06 · MTO 28.2: Stroud, Codetta and Anthem Postchorus Types - Music Theory Onli
133 7104 Ep05 · Song Lyrics Adaptations: Computational Interpretation of the Pentathlon P
134 1917 Ep05 · Make it sing? - | CIOL (Chartered Institute of Linguists)
135 59415 Ep08 · The Oud Across Arabic Culture (Bilād al-Shām, Iraq, and Egypt) Seifed-Din
